################################################################################
#                                                                              #
#      IAR Universal Linker V6.4.6.89                                          #
#                                                                              #
#           Link time     =  12/May/2018  19:49:05                             #
#           Target CPU    =  MSP430                                            #
#           List file     =  F:\Source_Code\msp430\freertos_demo\Debug\List\fr #
#                            eertos_demo.map                                   #
#           Output file 1 =  F:\Source_Code\msp430\freertos_demo\Debug\Exe\fre #
#                            ertos_demo.txt                                    #
#                            Format: msp430_txt                                #
#           Command line  =  -f                                                #
#                            C:\Users\WHJWNAVY\AppData\Local\Temp\EW9B9B.tmp   #
#                            (F:\Source_Code\msp430\freertos_demo\Debug\Obj\bs #
#                            p.r43                                             #
#                            F:\Source_Code\msp430\freertos_demo\Debug\Obj\cro #
#                            utine.r43                                         #
#                            F:\Source_Code\msp430\freertos_demo\Debug\Obj\eve #
#                            nt_groups.r43                                     #
#                            F:\Source_Code\msp430\freertos_demo\Debug\Obj\fla #
#                            sh.r43                                            #
#                            F:\Source_Code\msp430\freertos_demo\Debug\Obj\hea #
#                            p_1.r43                                           #
#                            F:\Source_Code\msp430\freertos_demo\Debug\Obj\lis #
#                            t.r43                                             #
#                            F:\Source_Code\msp430\freertos_demo\Debug\Obj\mai #
#                            n.r43                                             #
#                            F:\Source_Code\msp430\freertos_demo\Debug\Obj\por #
#                            t.r43                                             #
#                            F:\Source_Code\msp430\freertos_demo\Debug\Obj\por #
#                            text.r43                                          #
#                            F:\Source_Code\msp430\freertos_demo\Debug\Obj\que #
#                            ue.r43                                            #
#                            F:\Source_Code\msp430\freertos_demo\Debug\Obj\str #
#                            eam_buffer.r43                                    #
#                            F:\Source_Code\msp430\freertos_demo\Debug\Obj\tas #
#                            ks.r43                                            #
#                            F:\Source_Code\msp430\freertos_demo\Debug\Obj\tim #
#                            ers.r43                                           #
#                            -o                                                #
#                            F:\Source_Code\msp430\freertos_demo\Debug\Exe\fre #
#                            ertos_demo.txt                                    #
#                            -Fmsp430_txt -l                                   #
#                            F:\Source_Code\msp430\freertos_demo\Debug\List\fr #
#                            eertos_demo.map                                   #
#                            -xms                                              #
#                            "-IC:\Program Files (x86)\IAR Systems\Embedded Wo #
#                            rkbench 8.0\430\LIB\"                             #
#                            -f                                                #
#                            "C:\Program Files (x86)\IAR Systems\Embedded Work #
#                            bench 8.0\430\config\linker\lnk430f149.xcl"       #
#                            (-cmsp430 -QCODE_I=CODE_ID -QTLS16_I=TLS16_ID     #
#                            -D__iar_HWMUL=130 -Z(CONST)INFO=1000-10FF         #
#                            -Z(CONST)INFOA=1080-10FF                          #
#                            -Z(CONST)INFOB=1000-107F                          #
#                            -Z(DATA)DATA16_I,DATA16_Z,DATA16_N,TLS16_I=0200-0 #
#                            9FF                                               #
#                            -Z(DATA)DATA16_HEAP+_DATA16_HEAP_SIZE             #
#                            -Z(DATA)CODE_I -Z(DATA)CSTACK+_STACK_SIZE#        #
#                            -Z(CONST)DATA16_C,DATA16_ID,TLS16_ID,DIFUNCT,CHEC #
#                            KSUM=1100-FFDF                                    #
#                            -Z(CODE)CSTART,ISR_CODE,CODE_ID=1100-FFDF         #
#                            -P(CODE)CODE=1100-FFDF -Z(CODE)INTVEC=FFE0-FFFF   #
#                            -Z(CODE)RESET=FFFE-FFFF) -f                       #
#                            "C:\Program Files (x86)\IAR Systems\Embedded Work #
#                            bench 8.0\430\config\linker\multiplier.xcl"       #
#                            (-e?Mul8Hw=?Mul8 -e?Mul16Hw=?Mul16                #
#                            -e?Mul16to32uHw=?Mul16to32u                       #
#                            -e?Mul16to32sHw=?Mul16to32s -e?Mul32Hw=?Mul32     #
#                            -e_Mul64iHw=_Mul64i                               #
#                            -e_Mul32u32uto64iHw=_Mul32u32uto64i               #
#                            -e?Mul32fHw=_Mul32f -e_Mul64fHwPtr=_Mul64fPtr)    #
#                            -D_STACK_SIZE=50                                  #
#                            "C:\Program Files (x86)\IAR Systems\Embedded Work #
#                            bench 8.0\430\lib\dlib\dl430fn.r43"               #
#                            -D_DATA16_HEAP_SIZE=50 -s __program_start         #
#                            -D_DATA20_HEAP_SIZE=50)                           #
#                                                                              #
#                           Copyright (C) 1987-2016 IAR Systems AB.            #
################################################################################





                ****************************************
                *                                      *
                *           CROSS REFERENCE            *
                *                                      *
                ****************************************

       Program entry at :           1114  Relocatable, from module : ?cstart




                ****************************************
                *                                      *
                *            RUNTIME MODEL             *
                *                                      *
                ****************************************

  __Heap_Handler             = Basic
  __SystemLibrary            = DLib
  __core                     = 430
  __dlib_file_descriptor     = 0
  __dlib_full_locale_support = 0
  __double_size              = 32
  __pic                      = no
  __reg_r4                   = free
  __reg_r5                   = free
  __rt_version               = 3

                ****************************************
                *                                      *
                *    AUTOMATIC SYMBOL REDIRECTIONS     *
                *                                      *
                ****************************************

                  There are no automatic symbol redirections.



                ****************************************
                *                                      *
                *              MODULE MAP              *
                *                                      *
                ****************************************


  DEFINED ABSOLUTE ENTRIES
    *************************************************************************

  DEFINED ABSOLUTE ENTRIES
  PROGRAM MODULE, NAME : ?ABS_ENTRY_MOD

Absolute parts
           ENTRY                   ADDRESS         REF BY
           =====                   =======         ======
           _DATA20_HEAP_SIZE       0050 
           _DATA16_HEAP_SIZE       0050 
           _STACK_SIZE             0050 
           __iar_HWMUL             0130            vApplicationIdleHook (main)
    *************************************************************************

  FILE NAME : F:\Source_Code\msp430\freertos_demo\Debug\Obj\bsp.r43
  PROGRAM MODULE, NAME : bsp

  SEGMENTS IN THE MODULE
  ======================
DATA16_AN
  Relative segment, address: 0002 - 0002 (0x1 bytes), align: 0
  Segment part 1. ROOT        Intra module refs:   prvClockSetup
           ENTRY                   ADDRESS         REF BY
           =====                   =======         ======
           IFG1                    0002 
    -------------------------------------------------------------------------
DATA16_AN
  Relative segment, address: 0120 - 0121 (0x2 bytes), align: 0
  Segment part 2. ROOT        Intra module refs:   prvSetupHardware
           ENTRY                   ADDRESS         REF BY
           =====                   =======         ======
           WDTCTL                  0120 
    -------------------------------------------------------------------------
DATA16_AN
  Relative segment, address: 0035 - 0035 (0x1 bytes), align: 0
  Segment part 3. ROOT        Intra module refs:   prvOnBoardLEDSetup
                                                   prvOnBoardLEDToggle
           ENTRY                   ADDRESS         REF BY
           =====                   =======         ======
           P6OUT                   0035 
    -------------------------------------------------------------------------
DATA16_AN
  Relative segment, address: 0036 - 0036 (0x1 bytes), align: 0
  Segment part 4. ROOT        Intra module refs:   prvOnBoardLEDSetup
           ENTRY                   ADDRESS         REF BY
           =====                   =======         ======
           P6DIR                   0036 
    -------------------------------------------------------------------------
DATA16_AN
  Relative segment, address: 0057 - 0057 (0x1 bytes), align: 0
  Segment part 5. ROOT        Intra module refs:   prvClockSetup
           ENTRY                   ADDRESS         REF BY
           =====                   =======         ======
           BCSCTL1                 0057 
    -------------------------------------------------------------------------
DATA16_AN
  Relative segment, address: 0058 - 0058 (0x1 bytes), align: 0
  Segment part 6. ROOT        Intra module refs:   prvClockSetup
           ENTRY                   ADDRESS         REF BY
           =====                   =======         ======
           BCSCTL2                 0058 
    -------------------------------------------------------------------------
<CODE> 1 (was CODE)
  Relative segment, address: 1AC2 - 1AEB (0x2a bytes), align: 1
  Segment part 8.             Intra module refs:   prvSetupHardware
           LOCAL                   ADDRESS         
           =====                   =======         
           prvClockSetup           1AC2 
    -------------------------------------------------------------------------
<CODE> 1 (was CODE)
  Relative segment, address: 1C82 - 1C8B (0xa bytes), align: 1
  Segment part 9.             Intra module refs:   prvSetupHardware
           LOCAL                   ADDRESS         
           =====                   =======         
           prvOnBoardLEDSetup      1C82 
    -------------------------------------------------------------------------
<CODE> 1 (was CODE)
  Relative segment, address: 1BF8 - 1C0D (0x16 bytes), align: 1
  Segment part 10.
           ENTRY                   ADDRESS         REF BY
           =====                   =======         ======
           prvOnBoardLEDToggle     1BF8            vErrorChecks (main)
                                                   vLEDFlashTask (flash)
               calls direct
    -------------------------------------------------------------------------
<CODE> 1 (was CODE)
  Relative segment, address: 1C5A - 1C67 (0xe bytes), align: 1
  Segment part 11.
           ENTRY                   ADDRESS         REF BY
           =====                   =======         ======
           prvSetupHardware        1C5A            main (main)
               calls direct

    *************************************************************************

  FILE NAME : F:\Source_Code\msp430\freertos_demo\Debug\Obj\croutine.r43
    *************************************************************************

  FILE NAME : F:\Source_Code\msp430\freertos_demo\Debug\Obj\event_groups.r43
    *************************************************************************

  FILE NAME : F:\Source_Code\msp430\freertos_demo\Debug\Obj\flash.r43
  PROGRAM MODULE, NAME : flash

  SEGMENTS IN THE MODULE
  ======================
DATA16_Z
  Relative segment, address: 0204 - 0205 (0x2 bytes), align: 1
  Segment part 3.             Intra module refs:   vLEDFlashTask
           LOCAL                   ADDRESS         
           =====                   =======         
           uxFlashTaskNumber       0204 
    -------------------------------------------------------------------------
<CODE> 1 (was CODE)
  Relative segment, address: 1A36 - 1A65 (0x30 bytes), align: 1
  Segment part 4.
           ENTRY                   ADDRESS         REF BY
           =====                   =======         ======
           vStartLEDFlashTasks     1A36            main (main)
               calls direct
    -------------------------------------------------------------------------
<CODE> 1 (was CODE)
  Relative segment, address: 1620 - 16A7 (0x88 bytes), align: 1
  Segment part 5.             Intra module refs:   vStartLEDFlashTasks
           LOCAL                   ADDRESS         
           =====                   =======         
           vLEDFlashTask           1620 
               calls direct
    -------------------------------------------------------------------------
DATA16_C
  Relative segment, address: 1100 - 1104 (0x5 bytes), align: 0
  Segment part 2.             Intra module refs:   vStartLEDFlashTasks

    *************************************************************************

  FILE NAME : F:\Source_Code\msp430\freertos_demo\Debug\Obj\heap_1.r43
  PROGRAM MODULE, NAME : heap_1

  SEGMENTS IN THE MODULE
  ======================
DATA16_Z
  Relative segment, address: 0282 - 0925 (0x6a4 bytes), align: 0
  Segment part 2.             Intra module refs:   pvPortMalloc
           LOCAL                   ADDRESS         
           =====                   =======         
           ucHeap                  0282 
    -------------------------------------------------------------------------
DATA16_Z
  Relative segment, address: 0206 - 0207 (0x2 bytes), align: 1
  Segment part 3.             Intra module refs:   pvPortMalloc
           LOCAL                   ADDRESS         
           =====                   =======         
           xNextFreeByte           0206 
    -------------------------------------------------------------------------
<CODE> 1 (was CODE)
  Relative segment, address: 1782 - 17DB (0x5a bytes), align: 1
  Segment part 5.
           ENTRY                   ADDRESS         REF BY
           =====                   =======         ======
           pvPortMalloc            1782            xTaskCreate (tasks)
               calls direct
    -------------------------------------------------------------------------
DATA16_Z
  Relative segment, address: 0208 - 0209 (0x2 bytes), align: 1
  Segment part 4.             Intra module refs:   pvPortMalloc
           LOCAL                   ADDRESS         
           =====                   =======         
           pvPortMalloc::pucAlignedHeap
                                   0208 
    -------------------------------------------------------------------------
<CODE> 1 (was CODE)
  Relative segment, address: 1CA6 - 1CA7 (0x2 bytes), align: 1
  Segment part 6.
           ENTRY                   ADDRESS         REF BY
           =====                   =======         ======
           vPortFree               1CA6            prvDeleteTCB (tasks)
                                                   xTaskCreate (tasks)

    *************************************************************************

  FILE NAME : F:\Source_Code\msp430\freertos_demo\Debug\Obj\list.r43
  PROGRAM MODULE, NAME : list

  SEGMENTS IN THE MODULE
  ======================
<CODE> 1 (was CODE)
  Relative segment, address: 1B7E - 1B9F (0x22 bytes), align: 1
  Segment part 2.
           ENTRY                   ADDRESS         REF BY
           =====                   =======         ======
           vListInitialise         1B7E            prvInitialiseTaskLists (tasks)
    -------------------------------------------------------------------------
<CODE> 1 (was CODE)
  Relative segment, address: 1C8C - 1C91 (0x6 bytes), align: 1
  Segment part 3.
           ENTRY                   ADDRESS         REF BY
           =====                   =======         ======
           vListInitialiseItem     1C8C            prvInitialiseNewTask (tasks)
    -------------------------------------------------------------------------
<CODE> 1 (was CODE)
  Relative segment, address: 1B5A - 1B7D (0x24 bytes), align: 1
  Segment part 4.
           ENTRY                   ADDRESS         REF BY
           =====                   =======         ======
           vListInsertEnd          1B5A            prvAddNewTaskToReadyList (tasks)
                                                   xTaskIncrementTick (tasks)
                                                   xTaskResumeAll (tasks)
    -------------------------------------------------------------------------
<CODE> 1 (was CODE)
  Relative segment, address: 1914 - 1955 (0x42 bytes), align: 1
  Segment part 5.
           ENTRY                   ADDRESS         REF BY
           =====                   =======         ======
           vListInsert             1914            prvAddCurrentTaskToDelayedList (tasks)
    -------------------------------------------------------------------------
<CODE> 1 (was CODE)
  Relative segment, address: 1A66 - 1A95 (0x30 bytes), align: 1
  Segment part 6.
           ENTRY                   ADDRESS         REF BY
           =====                   =======         ======
           uxListRemove            1A66            prvAddCurrentTaskToDelayedList (tasks)
                                                   prvCheckTasksWaitingTermination (tasks)
                                                   xTaskIncrementTick (tasks)
                                                   xTaskResumeAll (tasks)

    *************************************************************************

  FILE NAME : F:\Source_Code\msp430\freertos_demo\Debug\Obj\main.r43
  PROGRAM MODULE, NAME : main

  SEGMENTS IN THE MODULE
  ======================
DATA16_Z
  Relative segment, address: 020A - 020B (0x2 bytes), align: 1
  Segment part 3.             Intra module refs:   prvCheckOtherTasksAreStillRunning
                                                   vApplicationIdleHook
           ENTRY                   ADDRESS         REF BY
           =====                   =======         ======
           xLocalError             020A 
    -------------------------------------------------------------------------
DATA16_Z
  Relative segment, address: 020C - 020F (0x4 bytes), align: 1
  Segment part 4.             Intra module refs:   prvCheckOtherTasksAreStillRunning
                                                   vApplicationIdleHook
           ENTRY                   ADDRESS         REF BY
           =====                   =======         ======
           ulIdleLoops             020C 
    -------------------------------------------------------------------------
<CODE> 1 (was CODE)
  Relative segment, address: 1A96 - 1AC1 (0x2c bytes), align: 1
  Segment part 8.
           ENTRY                   ADDRESS         REF BY
           =====                   =======         ======
           main                    1A96            Segment part 18 (?cstart)
               calls direct
    -------------------------------------------------------------------------
<CODE> 1 (was CODE)
  Relative segment, address: 1BA0 - 1BBF (0x20 bytes), align: 1
  Segment part 9.             Intra module refs:   main
           LOCAL                   ADDRESS         
           =====                   =======         
           vErrorChecks            1BA0 
               calls direct
    -------------------------------------------------------------------------
<CODE> 1 (was CODE)
  Relative segment, address: 1A04 - 1A35 (0x32 bytes), align: 1
  Segment part 10.            Intra module refs:   vErrorChecks
           LOCAL                   ADDRESS         
           =====                   =======         
           prvCheckOtherTasksAreStillRunning
                                   1A04 
    -------------------------------------------------------------------------
DATA16_I
  Relative segment, address: 0200 - 0201 (0x2 bytes), align: 1
  Segment part 5.             Intra module refs:   prvCheckOtherTasksAreStillRunning
           LOCAL                   ADDRESS         
           =====                   =======         
           prvCheckOtherTasksAreStillRunning::sNoErrorFound
                                   0200 
    -------------------------------------------------------------------------
DATA16_Z
  Relative segment, address: 0210 - 0213 (0x4 bytes), align: 1
  Segment part 7.             Intra module refs:   prvCheckOtherTasksAreStillRunning
           LOCAL                   ADDRESS         
           =====                   =======         
           prvCheckOtherTasksAreStillRunning::ulLastIdleLoopCount
                                   0210 
    -------------------------------------------------------------------------
<CODE> 1 (was CODE)
  Relative segment, address: 1506 - 1595 (0x90 bytes), align: 1
  Segment part 11.
           ENTRY                   ADDRESS         REF BY
           =====                   =======         ======
           vApplicationIdleHook    1506            prvIdleTask (tasks)
               calls direct
    -------------------------------------------------------------------------
DATA16_ID
  Relative segment, address: 1110 - 1111 (0x2 bytes), align: 1
  Segment part 6.             Intra module refs:   prvCheckOtherTasksAreStillRunning::sNoErrorFound
    -------------------------------------------------------------------------
DATA16_C
  Relative segment, address: 1105 - 110A (0x6 bytes), align: 0
  Segment part 2.             Intra module refs:   main

    *************************************************************************

  FILE NAME : F:\Source_Code\msp430\freertos_demo\Debug\Obj\port.r43
  PROGRAM MODULE, NAME : port

  SEGMENTS IN THE MODULE
  ======================
DATA16_AN
  Relative segment, address: 0160 - 0161 (0x2 bytes), align: 0
  Segment part 1. ROOT        Intra module refs:   vPortSetupTimerInterrupt
           ENTRY                   ADDRESS         REF BY
           =====                   =======         ======
           TACTL                   0160 
    -------------------------------------------------------------------------
DATA16_AN
  Relative segment, address: 0162 - 0163 (0x2 bytes), align: 0
  Segment part 2. ROOT        Intra module refs:   vPortSetupTimerInterrupt
           ENTRY                   ADDRESS         REF BY
           =====                   =======         ======
           TACCTL0                 0162 
    -------------------------------------------------------------------------
DATA16_AN
  Relative segment, address: 0172 - 0173 (0x2 bytes), align: 0
  Segment part 3. ROOT        Intra module refs:   vPortSetupTimerInterrupt
           ENTRY                   ADDRESS         REF BY
           =====                   =======         ======
           TACCR0                  0172 
    -------------------------------------------------------------------------
DATA16_I
  Relative segment, address: 0202 - 0203 (0x2 bytes), align: 1
  Segment part 5.
           ENTRY                   ADDRESS         REF BY
           =====                   =======         ======
           usCriticalNesting       0202            Segment part 0 (portext)
                                                   prvAddNewTaskToReadyList (tasks)
                                                   prvCheckTasksWaitingTermination (tasks)
                                                   vLEDFlashTask (flash)
                                                   xTaskGetTickCount (tasks)
                                                   xTaskResumeAll (tasks)
    -------------------------------------------------------------------------
<CODE> 1 (was CODE)
  Relative segment, address: 1596 - 161F (0x8a bytes), align: 1
  Segment part 7.
           ENTRY                   ADDRESS         REF BY
           =====                   =======         ======
           pxPortInitialiseStack   1596            prvInitialiseNewTask (tasks)
    -------------------------------------------------------------------------
<CODE> 1 (was CODE)
  Relative segment, address: 1AEC - 1B11 (0x26 bytes), align: 1
  Segment part 9.
           ENTRY                   ADDRESS         REF BY
           =====                   =======         ======
           vPortSetupTimerInterrupt
                                   1AEC            Segment part 0 (portext)
    -------------------------------------------------------------------------
DATA16_ID
  Relative segment, address: 1112 - 1113 (0x2 bytes), align: 1
  Segment part 6.             Intra module refs:   usCriticalNesting

    *************************************************************************

  FILE NAME : F:\Source_Code\msp430\freertos_demo\Debug\Obj\portext.r43
  PROGRAM MODULE, NAME : portext

Absolute parts
     FFEC - FFED
           LOCAL                   ADDRESS         
           =====                   =======         
           __MSP430F1471__         0000 
           _vTickISR_              FFEC 
  SEGMENTS IN THE MODULE
  ======================
<CODE> 1 (was CODE)
  Relative segment, address: 113C - 1223 (0xe8 bytes), align: 1
  Segment part 0. ROOT        Intra module refs:   Absolute parts
           ENTRY                   ADDRESS         REF BY
           =====                   =======         ======
           vTickISR                113C 
           vPortYield              119A            prvAddNewTaskToReadyList (tasks)
                                                   prvIdleTask (tasks)
                                                   vTaskDelay (tasks)
                                                   vTaskDelayUntil (tasks)
                                                   xTaskResumeAll (tasks)
           xPortStartScheduler     11F4            vTaskStartScheduler (tasks)
           LOCAL                   ADDRESS         
           =====                   =======         
           SkipContextSwitch       116E 

    *************************************************************************

  FILE NAME : F:\Source_Code\msp430\freertos_demo\Debug\Obj\queue.r43
    *************************************************************************

  FILE NAME : F:\Source_Code\msp430\freertos_demo\Debug\Obj\stream_buffer.r43
    *************************************************************************

  FILE NAME : F:\Source_Code\msp430\freertos_demo\Debug\Obj\tasks.r43
  PROGRAM MODULE, NAME : tasks

  SEGMENTS IN THE MODULE
  ======================
DATA16_Z
  Relative segment, address: 0214 - 0215 (0x2 bytes), align: 1
  Segment part 3.             Intra module refs:   prvAddCurrentTaskToDelayedList
                                                   prvAddNewTaskToReadyList
                                                   vTaskSwitchContext
                                                   xTaskIncrementTick
                                                   xTaskResumeAll
           ENTRY                   ADDRESS         REF BY
           =====                   =======         ======
           pxCurrentTCB            0214            Segment part 0 (portext)
    -------------------------------------------------------------------------
DATA16_Z
  Relative segment, address: 0216 - 023D (0x28 bytes), align: 1
  Segment part 4.             Intra module refs:   prvAddNewTaskToReadyList
                                                   prvIdleTask
                                                   prvInitialiseTaskLists
                                                   vTaskSwitchContext
                                                   xTaskIncrementTick
                                                   xTaskResumeAll
           LOCAL                   ADDRESS         
           =====                   =======         
           pxReadyTasksLists       0216 
    -------------------------------------------------------------------------
DATA16_Z
  Relative segment, address: 023E - 0247 (0xa bytes), align: 1
  Segment part 5.             Intra module refs:   prvInitialiseTaskLists
           LOCAL                   ADDRESS         
           =====                   =======         
           xDelayedTaskList1       023E 
    -------------------------------------------------------------------------
DATA16_Z
  Relative segment, address: 0248 - 0251 (0xa bytes), align: 1
  Segment part 6.             Intra module refs:   prvInitialiseTaskLists
           LOCAL                   ADDRESS         
           =====                   =======         
           xDelayedTaskList2       0248 
    -------------------------------------------------------------------------
DATA16_Z
  Relative segment, address: 0252 - 0253 (0x2 bytes), align: 1
  Segment part 7.             Intra module refs:   prvAddCurrentTaskToDelayedList
                                                   prvInitialiseTaskLists
                                                   prvResetNextTaskUnblockTime
                                                   xTaskIncrementTick
           LOCAL                   ADDRESS         
           =====                   =======         
           pxDelayedTaskList       0252 
    -------------------------------------------------------------------------
DATA16_Z
  Relative segment, address: 0254 - 0255 (0x2 bytes), align: 1
  Segment part 8.             Intra module refs:   prvAddCurrentTaskToDelayedList
                                                   prvInitialiseTaskLists
                                                   xTaskIncrementTick
           LOCAL                   ADDRESS         
           =====                   =======         
           pxOverflowDelayedTaskList
                                   0254 
    -------------------------------------------------------------------------
DATA16_Z
  Relative segment, address: 0256 - 025F (0xa bytes), align: 1
  Segment part 9.             Intra module refs:   prvInitialiseTaskLists
                                                   xTaskResumeAll
           LOCAL                   ADDRESS         
           =====                   =======         
           xPendingReadyList       0256 
    -------------------------------------------------------------------------
DATA16_Z
  Relative segment, address: 0260 - 0269 (0xa bytes), align: 1
  Segment part 10.            Intra module refs:   prvCheckTasksWaitingTermination
                                                   prvInitialiseTaskLists
           LOCAL                   ADDRESS         
           =====                   =======         
           xTasksWaitingTermination
                                   0260 
    -------------------------------------------------------------------------
DATA16_Z
  Relative segment, address: 026A - 026B (0x2 bytes), align: 1
  Segment part 11.            Intra module refs:   prvCheckTasksWaitingTermination
           LOCAL                   ADDRESS         
           =====                   =======         
           uxDeletedTasksWaitingCleanUp
                                   026A 
    -------------------------------------------------------------------------
DATA16_Z
  Relative segment, address: 026C - 026D (0x2 bytes), align: 1
  Segment part 12.            Intra module refs:   prvAddNewTaskToReadyList
                                                   prvCheckTasksWaitingTermination
                                                   xTaskResumeAll
           LOCAL                   ADDRESS         
           =====                   =======         
           uxCurrentNumberOfTasks
                                   026C 
    -------------------------------------------------------------------------
DATA16_Z
  Relative segment, address: 026E - 026F (0x2 bytes), align: 1
  Segment part 13.            Intra module refs:   prvAddCurrentTaskToDelayedList
                                                   vTaskDelayUntil
                                                   vTaskStartScheduler
                                                   xTaskGetTickCount
                                                   xTaskIncrementTick
           LOCAL                   ADDRESS         
           =====                   =======         
           xTickCount              026E 
    -------------------------------------------------------------------------
DATA16_Z
  Relative segment, address: 0270 - 0271 (0x2 bytes), align: 1
  Segment part 14.            Intra module refs:   prvAddNewTaskToReadyList
                                                   vTaskSwitchContext
                                                   xTaskIncrementTick
                                                   xTaskResumeAll
           LOCAL                   ADDRESS         
           =====                   =======         
           uxTopReadyPriority      0270 
    -------------------------------------------------------------------------
DATA16_Z
  Relative segment, address: 0272 - 0273 (0x2 bytes), align: 1
  Segment part 15.            Intra module refs:   prvAddNewTaskToReadyList
                                                   vTaskStartScheduler
           LOCAL                   ADDRESS         
           =====                   =======         
           xSchedulerRunning       0272 
    -------------------------------------------------------------------------
DATA16_Z
  Relative segment, address: 0274 - 0275 (0x2 bytes), align: 1
  Segment part 16.            Intra module refs:   xTaskIncrementTick
                                                   xTaskResumeAll
           LOCAL                   ADDRESS         
           =====                   =======         
           uxPendedTicks           0274 
    -------------------------------------------------------------------------
DATA16_Z
  Relative segment, address: 0276 - 0277 (0x2 bytes), align: 1
  Segment part 17.            Intra module refs:   vTaskSwitchContext
                                                   xTaskIncrementTick
                                                   xTaskResumeAll
           LOCAL                   ADDRESS         
           =====                   =======         
           xYieldPending           0276 
    -------------------------------------------------------------------------
DATA16_Z
  Relative segment, address: 0278 - 0279 (0x2 bytes), align: 1
  Segment part 18.            Intra module refs:   xTaskIncrementTick
           LOCAL                   ADDRESS         
           =====                   =======         
           xNumOfOverflows         0278 
    -------------------------------------------------------------------------
DATA16_Z
  Relative segment, address: 027A - 027B (0x2 bytes), align: 1
  Segment part 19.            Intra module refs:   prvAddNewTaskToReadyList
           LOCAL                   ADDRESS         
           =====                   =======         
           uxTaskNumber            027A 
    -------------------------------------------------------------------------
DATA16_Z
  Relative segment, address: 027C - 027D (0x2 bytes), align: 1
  Segment part 20.            Intra module refs:   prvAddCurrentTaskToDelayedList
                                                   prvResetNextTaskUnblockTime
                                                   vTaskStartScheduler
                                                   xTaskIncrementTick
           LOCAL                   ADDRESS         
           =====                   =======         
           xNextTaskUnblockTime    027C 
    -------------------------------------------------------------------------
DATA16_Z
  Relative segment, address: 027E - 027F (0x2 bytes), align: 1
  Segment part 21.            Intra module refs:   vTaskStartScheduler
           LOCAL                   ADDRESS         
           =====                   =======         
           xIdleTaskHandle         027E 
    -------------------------------------------------------------------------
DATA16_Z
  Relative segment, address: 0280 - 0281 (0x2 bytes), align: 1
  Segment part 22.            Intra module refs:   vTaskSuspendAll
                                                   vTaskSwitchContext
                                                   xTaskIncrementTick
                                                   xTaskResumeAll
           LOCAL                   ADDRESS         
           =====                   =======         
           uxSchedulerSuspended    0280 
    -------------------------------------------------------------------------
<CODE> 1 (was CODE)
  Relative segment, address: 16A8 - 1719 (0x72 bytes), align: 1
  Segment part 26.            Intra module refs:   vTaskStartScheduler
           ENTRY                   ADDRESS         REF BY
           =====                   =======         ======
           xTaskCreate             16A8            main (main)
                                                   vStartLEDFlashTasks (flash)
               calls direct
    -------------------------------------------------------------------------
<CODE> 1 (was CODE)
  Relative segment, address: 13CE - 146D (0xa0 bytes), align: 1
  Segment part 25.            Intra module refs:   xTaskCreate
           LOCAL                   ADDRESS         
           =====                   =======         
           prvInitialiseNewTask    13CE 
               calls direct
    -------------------------------------------------------------------------
<CODE> 1 (was CODE)
  Relative segment, address: 146E - 1505 (0x98 bytes), align: 1
  Segment part 24.            Intra module refs:   xTaskCreate
           LOCAL                   ADDRESS         
           =====                   =======         
           prvAddNewTaskToReadyList
                                   146E 
               calls direct
    -------------------------------------------------------------------------
<CODE> 1 (was CODE)
  Relative segment, address: 187E - 18C9 (0x4c bytes), align: 1
  Segment part 33.
           ENTRY                   ADDRESS         REF BY
           =====                   =======         ======
           vTaskDelayUntil         187E            vLEDFlashTask (flash)
               calls direct
    -------------------------------------------------------------------------
<CODE> 1 (was CODE)
  Relative segment, address: 1BC0 - 1BDF (0x20 bytes), align: 1
  Segment part 34.
           ENTRY                   ADDRESS         REF BY
           =====                   =======         ======
           vTaskDelay              1BC0            vErrorChecks (main)
               calls direct
    -------------------------------------------------------------------------
<CODE> 1 (was CODE)
  Relative segment, address: 19CE - 1A03 (0x36 bytes), align: 1
  Segment part 35.
           ENTRY                   ADDRESS         REF BY
           =====                   =======         ======
           vTaskStartScheduler     19CE            main (main)
               calls direct
    -------------------------------------------------------------------------
<CODE> 1 (was CODE)
  Relative segment, address: 1C92 - 1C97 (0x6 bytes), align: 1
  Segment part 32.            Intra module refs:   vTaskDelay
                                                   vTaskDelayUntil
           ENTRY                   ADDRESS         REF BY
           =====                   =======         ======
           vTaskSuspendAll         1C92            pvPortMalloc (heap_1)
    -------------------------------------------------------------------------
<CODE> 1 (was CODE)
  Relative segment, address: 1302 - 13CD (0xcc bytes), align: 1
  Segment part 30.            Intra module refs:   vTaskDelay
                                                   vTaskDelayUntil
           ENTRY                   ADDRESS         REF BY
           =====                   =======         ======
           xTaskResumeAll          1302            pvPortMalloc (heap_1)
               calls direct
    -------------------------------------------------------------------------
<CODE> 1 (was CODE)
  Relative segment, address: 1B12 - 1B35 (0x24 bytes), align: 1
  Segment part 37.
           ENTRY                   ADDRESS         REF BY
           =====                   =======         ======
           xTaskGetTickCount       1B12            vLEDFlashTask (flash)
    -------------------------------------------------------------------------
<CODE> 1 (was CODE)
  Relative segment, address: 1224 - 1301 (0xde bytes), align: 1
  Segment part 41.            Intra module refs:   xTaskResumeAll
           ENTRY                   ADDRESS         REF BY
           =====                   =======         ======
           xTaskIncrementTick      1224            Segment part 0 (portext)
               calls direct
    -------------------------------------------------------------------------
<CODE> 1 (was CODE)
  Relative segment, address: 171A - 1781 (0x68 bytes), align: 1
  Segment part 42.
           ENTRY                   ADDRESS         REF BY
           =====                   =======         ======
           vTaskSwitchContext      171A            Segment part 0 (portext)
    -------------------------------------------------------------------------
<CODE> 1 (was CODE)
  Relative segment, address: 1C24 - 1C37 (0x14 bytes), align: 1
  Segment part 52.            Intra module refs:   vTaskStartScheduler
           LOCAL                   ADDRESS         
           =====                   =======         
           prvIdleTask             1C24 
               calls direct
    -------------------------------------------------------------------------
<CODE> 1 (was CODE)
  Relative segment, address: 182E - 187D (0x50 bytes), align: 1
  Segment part 23.            Intra module refs:   prvAddNewTaskToReadyList
           LOCAL                   ADDRESS         
           =====                   =======         
           prvInitialiseTaskLists
                                   182E 
               calls direct
    -------------------------------------------------------------------------
<CODE> 1 (was CODE)
  Relative segment, address: 18CA - 1913 (0x4a bytes), align: 1
  Segment part 51.            Intra module refs:   prvIdleTask
           LOCAL                   ADDRESS         
           =====                   =======         
           prvCheckTasksWaitingTermination
                                   18CA 
               calls direct
    -------------------------------------------------------------------------
<CODE> 1 (was CODE)
  Relative segment, address: 1C0E - 1C23 (0x16 bytes), align: 1
  Segment part 28.            Intra module refs:   prvCheckTasksWaitingTermination
           LOCAL                   ADDRESS         
           =====                   =======         
           prvDeleteTCB            1C0E 
               calls direct
    -------------------------------------------------------------------------
<CODE> 1 (was CODE)
  Relative segment, address: 1B36 - 1B59 (0x24 bytes), align: 1
  Segment part 27.            Intra module refs:   xTaskIncrementTick
                                                   xTaskResumeAll
           LOCAL                   ADDRESS         
           =====                   =======         
           prvResetNextTaskUnblockTime
                                   1B36 
    -------------------------------------------------------------------------
<CODE> 1 (was CODE)
  Relative segment, address: 17DC - 182D (0x52 bytes), align: 1
  Segment part 31.            Intra module refs:   vTaskDelay
                                                   vTaskDelayUntil
           LOCAL                   ADDRESS         
           =====                   =======         
           prvAddCurrentTaskToDelayedList
                                   17DC 
               calls direct
    -------------------------------------------------------------------------
DATA16_C
  Relative segment, address: 110B - 110F (0x5 bytes), align: 0
  Segment part 2.             Intra module refs:   vTaskStartScheduler

    *************************************************************************

  FILE NAME : F:\Source_Code\msp430\freertos_demo\Debug\Obj\timers.r43
    *************************************************************************

  FILE NAME : C:\Program Files (x86)\IAR Systems\Embedded Workbench 8.0\430\lib\dlib\dl430fn.r43
  LIBRARY MODULE, NAME : ?_exit

  SEGMENTS IN THE MODULE
  ======================
<CODE> 1 (was CODE)
  Relative segment, address: 1C9C, align: 1
  Segment part 0.
           ENTRY                   ADDRESS         REF BY
           =====                   =======         ======
           _exit                   1C9C            exit (?exit)
    -------------------------------------------------------------------------
<CODE> 1 (was CODE)
  Relative segment, address: 1C9C - 1C9F (0x4 bytes), align: 1
  Segment part 6.             Intra module refs:   _exit

    -------------------------------------------------------------------------
  LIBRARY MODULE, NAME : ?cstart

  SEGMENTS IN THE MODULE
  ======================
CSTACK
  Relative segment, address: 09B0, align: 1
  Segment part 1.
    -------------------------------------------------------------------------
DATA16_Z
  Relative segment, address: 0282, align: 1
  Segment part 2.
    -------------------------------------------------------------------------
DATA16_I
  Relative segment, address: 0204, align: 1
  Segment part 3.
    -------------------------------------------------------------------------
DATA16_ID
  Relative segment, address: 1114, align: 1
  Segment part 4.
    -------------------------------------------------------------------------
CSTART
  Relative segment, address: 1114 - 1117 (0x4 bytes), align: 1
  Segment part 9.
           ENTRY                   ADDRESS         REF BY
           =====                   =======         ======
           __program_start         1114            ?reset_vector (?reset_vector)
                                                   Absolute parts (?ABS_ENTRY_MOD)
           ?cstart_begin           1114 
    -------------------------------------------------------------------------
CSTART
  Relative segment, address: 1118 - 1123 (0xc bytes), align: 1
  Segment part 13.
           ENTRY                   ADDRESS         REF BY
           =====                   =======         ======
           ?cstart_init_zero       1118            prvCheckOtherTasksAreStillRunning::ulLastIdleLoopCount (main)
                                                   pvPortMalloc::pucAlignedHeap (heap_1)
                                                   pxCurrentTCB (tasks)
                                                   pxDelayedTaskList (tasks)
                                                   pxOverflowDelayedTaskList (tasks)
                                                   pxReadyTasksLists (tasks)
                                                   ucHeap (heap_1)
                                                   ulIdleLoops (main)
                                                   uxCurrentNumberOfTasks (tasks)
                                                   uxDeletedTasksWaitingCleanUp (tasks)
                                                   uxFlashTaskNumber (flash)
                                                   uxPendedTicks (tasks)
                                                   uxSchedulerSuspended (tasks)
                                                   uxTaskNumber (tasks)
                                                   uxTopReadyPriority (tasks)
                                                   xDelayedTaskList1 (tasks)
                                                   xDelayedTaskList2 (tasks)
                                                   xIdleTaskHandle (tasks)
                                                   xLocalError (main)
                                                   xNextFreeByte (heap_1)
                                                   xNextTaskUnblockTime (tasks)
                                                   xNumOfOverflows (tasks)
                                                   xPendingReadyList (tasks)
                                                   xSchedulerRunning (tasks)
                                                   xTasksWaitingTermination (tasks)
                                                   xTickCount (tasks)
                                                   xYieldPending (tasks)
    -------------------------------------------------------------------------
CSTART
  Relative segment, address: 1124 - 1133 (0x10 bytes), align: 1
  Segment part 14.
           ENTRY                   ADDRESS         REF BY
           =====                   =======         ======
           ?cstart_init_copy       1124            prvCheckOtherTasksAreStillRunning::sNoErrorFound (main)
                                                   usCriticalNesting (port)
    -------------------------------------------------------------------------
CSTART
  Relative segment, address: 1134 - 113B (0x8 bytes), align: 1
  Segment part 18.            Intra module refs:   Segment part 9
           ENTRY                   ADDRESS         REF BY
           =====                   =======         ======
           ?cstart_call_main       1134 
           ?cstart_end             113C 

    -------------------------------------------------------------------------
  LIBRARY MODULE, NAME : ?reset_vector

  SEGMENTS IN THE MODULE
  ======================
RESET
  Relative segment, address: FFFE - FFFF (0x2 bytes), align: 1
  Segment part 0.
           ENTRY                   ADDRESS         REF BY
           =====                   =======         ======
           ?reset_vector           FFFE            Segment part 9 (?cstart)

    -------------------------------------------------------------------------
  LIBRARY MODULE, NAME : ?Epilogue

  SEGMENTS IN THE MODULE
  ======================
<CODE> 1 (was CODE)
  Relative segment, address: 1C68 - 1C69 (0x2 bytes), align: 1
  Segment part 2.
           ENTRY                   ADDRESS         REF BY
           =====                   =======         ======
           ?Epilogue6              1C68            xTaskCreate (tasks)
    -------------------------------------------------------------------------
<CODE> 1 (was CODE)
  Relative segment, address: 1C6A - 1C6B (0x2 bytes), align: 1
  Segment part 3.             Intra module refs:   ?Epilogue6
           ENTRY                   ADDRESS         REF BY
           =====                   =======         ======
           ?Epilogue5              1C6A 
    -------------------------------------------------------------------------
<CODE> 1 (was CODE)
  Relative segment, address: 1C6C - 1C6D (0x2 bytes), align: 1
  Segment part 4.             Intra module refs:   ?Epilogue5
           ENTRY                   ADDRESS         REF BY
           =====                   =======         ======
           ?Epilogue4              1C6C            prvInitialiseNewTask (tasks)
    -------------------------------------------------------------------------
<CODE> 1 (was CODE)
  Relative segment, address: 1C6E - 1C75 (0x8 bytes), align: 1
  Segment part 5.             Intra module refs:   ?Epilogue4
           ENTRY                   ADDRESS         REF BY
           =====                   =======         ======
           ?Epilogue3              1C6E            prvAddCurrentTaskToDelayedList (tasks)
                                                   xTaskIncrementTick (tasks)
                                                   xTaskResumeAll (tasks)

    -------------------------------------------------------------------------
  LIBRARY MODULE, NAME : ?exit

  SEGMENTS IN THE MODULE
  ======================
<CODE> 1 (was CODE)
  Relative segment, address: 1C98 - 1C9B (0x4 bytes), align: 1
  Segment part 2.
           ENTRY                   ADDRESS         REF BY
           =====                   =======         ======
           exit                    1C98            Segment part 18 (?cstart)
               calls direct

    -------------------------------------------------------------------------
  LIBRARY MODULE, NAME : ?DivMod816u

  SEGMENTS IN THE MODULE
  ======================
<CODE> 1 (was CODE)
  Relative segment, address: 1BE0 - 1BF7 (0x18 bytes), align: 1
  Segment part 1.
           ENTRY                   ADDRESS         REF BY
           =====                   =======         ======
           ?DivMod16u              1BE0            vLEDFlashTask (flash)

    -------------------------------------------------------------------------
  LIBRARY MODULE, NAME : ?DivMod32u

  SEGMENTS IN THE MODULE
  ======================
<CODE> 1 (was CODE)
  Relative segment, address: 1996 - 19CD (0x38 bytes), align: 1
  Segment part 0.
           ENTRY                   ADDRESS         REF BY
           =====                   =======         ======
           ?DivMod32u              1996            ?DivMod32s (?DivMod32s)

    -------------------------------------------------------------------------
  LIBRARY MODULE, NAME : ?DivMod32s

  SEGMENTS IN THE MODULE
  ======================
<CODE> 1 (was CODE)
  Relative segment, address: 1956 - 1995 (0x40 bytes), align: 1
  Segment part 0.
           ENTRY                   ADDRESS         REF BY
           =====                   =======         ======
           ?DivMod32s              1956            vApplicationIdleHook (main)

    -------------------------------------------------------------------------
  LIBRARY MODULE, NAME : ?ShiftLeft16

  SEGMENTS IN THE MODULE
  ======================
<CODE> 1 (was CODE)
  Relative segment, address: 1C76 - 1C81 (0xc bytes), align: 1
  Segment part 0.
           ENTRY                   ADDRESS         REF BY
           =====                   =======         ======
           ?ShiftLeft16            1C76            prvOnBoardLEDToggle (bsp)

    -------------------------------------------------------------------------
  LIBRARY MODULE, NAME : ?memcpy

  SEGMENTS IN THE MODULE
  ======================
<CODE> 1 (was CODE)
  Relative segment, address: 1C38 - 1C49 (0x12 bytes), align: 1
  Segment part 2.
           ENTRY                   ADDRESS         REF BY
           =====                   =======         ======
           memcpy                  1C38            __data16_memcpy (?memzero)

    -------------------------------------------------------------------------
  LIBRARY MODULE, NAME : ?memzero

  SEGMENTS IN THE MODULE
  ======================
<CODE> 1 (was CODE)
  Relative segment, address: 1C4A - 1C59 (0x10 bytes), align: 1
  Segment part 2.
           ENTRY                   ADDRESS         REF BY
           =====                   =======         ======
           __data16_memzero        1C4A            ?cstart_init_zero (?cstart)
    -------------------------------------------------------------------------
<CODE> 1 (was CODE)
  Relative segment, address: 1CA0 - 1CA3 (0x4 bytes), align: 1
  Segment part 3.
           ENTRY                   ADDRESS         REF BY
           =====                   =======         ======
           __data16_memcpy         1CA0            ?cstart_init_copy (?cstart)
               calls direct

    -------------------------------------------------------------------------
  LIBRARY MODULE, NAME : ?__exit

  SEGMENTS IN THE MODULE
  ======================
<CODE> 1 (was CODE)
  Relative segment, address: 1CA4 - 1CA5 (0x2 bytes), align: 1
  Segment part 2.
           ENTRY                   ADDRESS         REF BY
           =====                   =======         ======
           __exit                  1CA4            Segment part 6 (?_exit)
                                                   _exit (?_exit)




                ****************************************
                *                                      *
                *      SEGMENTS IN ADDRESS ORDER       *
                *                                      *
                ****************************************


SEGMENT              SPACE    START ADDRESS   END ADDRESS     SIZE  TYPE  ALIGN
=======              =====    =============   ===========     ====  ====  =====
DATA16_AN                              0002 - 0002               1   rel    0
                                       0035 - 0036               2 
                                       0057 - 0058               2 
                                       0120 - 0121               2 
                                       0160 - 0163               4 
                                       0172 - 0173               2 
DATA16_I                               0200 - 0203               4   rel    1
DATA16_Z                               0204 - 0925             722   rel    1
CSTACK                                 09B0 - 09FF              50   rel    1
DATA16_C                               1100 - 110F              10   rel    0
DATA16_ID                              1110 - 1113               4   rel    1
CSTART                                 1114 - 113B              28   rel    1
<CODE> 1                               113C - 1CA7             B6C   rel    1
RESET                                  FFFE - FFFF               2   rel    1
                                       FFEC - FFED               2  aseg  

                ****************************************
                *                                      *
                *        END OF CROSS REFERENCE        *
                *                                      *
                ****************************************

 2 966 bytes of CODE  memory (+  2 absolute )
 1 910 bytes of DATA  memory (+ 13 absolute )
    20 bytes of CONST memory

Errors: none
Warnings: none

