################################################################################
#                                                                              #
#      IAR Universal Linker V6.4.6.89                                          #
#                                                                              #
#           Link time     =  12/May/2018  19:51:09                             #
#           Target CPU    =  MSP430                                            #
#           List file     =  F:\Source_Code\msp430\ucos_demo\Debug\List\ucos_d #
#                            emo.map                                           #
#           Output file 1 =  F:\Source_Code\msp430\ucos_demo\Debug\Exe\ucos_de #
#                            mo.txt                                            #
#                            Format: msp430_txt                                #
#           Command line  =  -f                                                #
#                            C:\Users\WHJWNAVY\AppData\Local\Temp\EW80CF.tmp   #
#                            (F:\Source_Code\msp430\ucos_demo\Debug\Obj\app.r4 #
#                            3                                                 #
#                            F:\Source_Code\msp430\ucos_demo\Debug\Obj\app_hoo #
#                            ks.r43                                            #
#                            F:\Source_Code\msp430\ucos_demo\Debug\Obj\bsp.r43 #
#                            F:\Source_Code\msp430\ucos_demo\Debug\Obj\cpu_cor #
#                            e.r43                                             #
#                            F:\Source_Code\msp430\ucos_demo\Debug\Obj\os_core #
#                            .r43                                              #
#                            F:\Source_Code\msp430\ucos_demo\Debug\Obj\os_cpu_ #
#                            a.r43                                             #
#                            F:\Source_Code\msp430\ucos_demo\Debug\Obj\os_cpu_ #
#                            c.r43                                             #
#                            F:\Source_Code\msp430\ucos_demo\Debug\Obj\os_dbg. #
#                            r43                                               #
#                            F:\Source_Code\msp430\ucos_demo\Debug\Obj\os_flag #
#                            .r43                                              #
#                            F:\Source_Code\msp430\ucos_demo\Debug\Obj\os_mbox #
#                            .r43                                              #
#                            F:\Source_Code\msp430\ucos_demo\Debug\Obj\os_mem. #
#                            r43                                               #
#                            F:\Source_Code\msp430\ucos_demo\Debug\Obj\os_mute #
#                            x.r43                                             #
#                            F:\Source_Code\msp430\ucos_demo\Debug\Obj\os_q.r4 #
#                            3                                                 #
#                            F:\Source_Code\msp430\ucos_demo\Debug\Obj\os_sem. #
#                            r43                                               #
#                            F:\Source_Code\msp430\ucos_demo\Debug\Obj\os_task #
#                            .r43                                              #
#                            F:\Source_Code\msp430\ucos_demo\Debug\Obj\os_time #
#                            .r43                                              #
#                            F:\Source_Code\msp430\ucos_demo\Debug\Obj\os_tmr. #
#                            r43                                               #
#                            -o                                                #
#                            F:\Source_Code\msp430\ucos_demo\Debug\Exe\ucos_de #
#                            mo.txt                                            #
#                            -Fmsp430_txt -l                                   #
#                            F:\Source_Code\msp430\ucos_demo\Debug\List\ucos_d #
#                            emo.map                                           #
#                            -xmsn                                             #
#                            "-IC:\Program Files (x86)\IAR Systems\Embedded Wo #
#                            rkbench 8.0\430\LIB\"                             #
#                            -f                                                #
#                            "C:\Program Files (x86)\IAR Systems\Embedded Work #
#                            bench 8.0\430\config\linker\lnk430f149.xcl"       #
#                            (-cmsp430 -QCODE_I=CODE_ID -QTLS16_I=TLS16_ID     #
#                            -D__iar_HWMUL=130 -Z(CONST)INFO=1000-10FF         #
#                            -Z(CONST)INFOA=1080-10FF                          #
#                            -Z(CONST)INFOB=1000-107F                          #
#                            -Z(DATA)DATA16_I,DATA16_Z,DATA16_N,TLS16_I=0200-0 #
#                            9FF                                               #
#                            -Z(DATA)DATA16_HEAP+_DATA16_HEAP_SIZE             #
#                            -Z(DATA)CODE_I -Z(DATA)CSTACK+_STACK_SIZE#        #
#                            -Z(CONST)DATA16_C,DATA16_ID,TLS16_ID,DIFUNCT,CHEC #
#                            KSUM=1100-FFDF                                    #
#                            -Z(CODE)CSTART,ISR_CODE,CODE_ID=1100-FFDF         #
#                            -P(CODE)CODE=1100-FFDF -Z(CODE)INTVEC=FFE0-FFFF   #
#                            -Z(CODE)RESET=FFFE-FFFF) -f                       #
#                            "C:\Program Files (x86)\IAR Systems\Embedded Work #
#                            bench 8.0\430\config\linker\multiplier.xcl"       #
#                            (-e?Mul8Hw=?Mul8 -e?Mul16Hw=?Mul16                #
#                            -e?Mul16to32uHw=?Mul16to32u                       #
#                            -e?Mul16to32sHw=?Mul16to32s -e?Mul32Hw=?Mul32     #
#                            -e_Mul64iHw=_Mul64i                               #
#                            -e_Mul32u32uto64iHw=_Mul32u32uto64i               #
#                            -e?Mul32fHw=_Mul32f -e_Mul64fHwPtr=_Mul64fPtr)    #
#                            -D_STACK_SIZE=50                                  #
#                            "C:\Program Files (x86)\IAR Systems\Embedded Work #
#                            bench 8.0\430\lib\dlib\dl430fn.r43"               #
#                            -D_DATA16_HEAP_SIZE=50 -s __program_start         #
#                            -D_DATA20_HEAP_SIZE=50)                           #
#                                                                              #
#                           Copyright (C) 1987-2016 IAR Systems AB.            #
################################################################################





                ****************************************
                *                                      *
                *           CROSS REFERENCE            *
                *                                      *
                ****************************************

       Program entry at :           1202  Relocatable, from module : ?cstart




                ****************************************
                *                                      *
                *            RUNTIME MODEL             *
                *                                      *
                ****************************************

  __Heap_Handler             = Basic
  __SystemLibrary            = DLib
  __core                     = 430
  __dlib_file_descriptor     = 0
  __dlib_full_locale_support = 0
  __double_size              = 32
  __pic                      = no
  __reg_r4                   = free
  __reg_r5                   = free
  __rt_version               = 3

                ****************************************
                *                                      *
                *    AUTOMATIC SYMBOL REDIRECTIONS     *
                *                                      *
                ****************************************

                  There are no automatic symbol redirections.



                ****************************************
                *                                      *
                *              MODULE MAP              *
                *                                      *
                ****************************************


  DEFINED ABSOLUTE ENTRIES
    *************************************************************************

  DEFINED ABSOLUTE ENTRIES
  PROGRAM MODULE, NAME : ?ABS_ENTRY_MOD

Absolute parts
           ENTRY                   ADDRESS         REF BY
           =====                   =======         ======
           _DATA20_HEAP_SIZE       0050 
           _DATA16_HEAP_SIZE       0050 
           _STACK_SIZE             0050 
           __iar_HWMUL             0130            OSTimeDlyHMSM (os_time)
    *************************************************************************

  FILE NAME : F:\Source_Code\msp430\ucos_demo\Debug\Obj\app.r43
  PROGRAM MODULE, NAME : app

  SEGMENTS IN THE MODULE
  ======================
DATA16_Z
  Relative segment, address: 0200 - 025F (0x60 bytes), align: 1
  Segment part 2.             Intra module refs:   main
           ENTRY                   ADDRESS         REF BY
           =====                   =======         ======
           TaskStartStk1           0200 
    -------------------------------------------------------------------------
DATA16_Z
  Relative segment, address: 0260 - 02BF (0x60 bytes), align: 1
  Segment part 3.             Intra module refs:   main
           ENTRY                   ADDRESS         REF BY
           =====                   =======         ======
           TaskStartStk2           0260 
    -------------------------------------------------------------------------
DATA16_Z
  Relative segment, address: 02C0 - 031F (0x60 bytes), align: 1
  Segment part 4.             Intra module refs:   main
           ENTRY                   ADDRESS         REF BY
           =====                   =======         ======
           TaskStartStk3           02C0 
    -------------------------------------------------------------------------
DATA16_Z
  Relative segment, address: 0320 - 037F (0x60 bytes), align: 1
  Segment part 5.             Intra module refs:   main
           ENTRY                   ADDRESS         REF BY
           =====                   =======         ======
           TaskStartStk4           0320 
    -------------------------------------------------------------------------
DATA16_Z
  Relative segment, address: 0380 - 03DF (0x60 bytes), align: 1
  Segment part 6.             Intra module refs:   main
           ENTRY                   ADDRESS         REF BY
           =====                   =======         ======
           TaskStartStk5           0380 
    -------------------------------------------------------------------------
DATA16_Z
  Relative segment, address: 03E0 - 043F (0x60 bytes), align: 1
  Segment part 7.             Intra module refs:   main
           ENTRY                   ADDRESS         REF BY
           =====                   =======         ======
           TaskStartStk6           03E0 
    -------------------------------------------------------------------------
DATA16_Z
  Relative segment, address: 0440 - 049F (0x60 bytes), align: 1
  Segment part 8.             Intra module refs:   main
           ENTRY                   ADDRESS         REF BY
           =====                   =======         ======
           TaskStartStk7           0440 
    -------------------------------------------------------------------------
DATA16_Z
  Relative segment, address: 04A0 - 04FF (0x60 bytes), align: 1
  Segment part 9.             Intra module refs:   main
           ENTRY                   ADDRESS         REF BY
           =====                   =======         ======
           TaskStartStk8           04A0 
    -------------------------------------------------------------------------
<CODE> 1 (was CODE)
  Relative segment, address: 178E - 182B (0x9e bytes), align: 1
  Segment part 10.
           ENTRY                   ADDRESS         REF BY
           =====                   =======         ======
           main                    178E            Segment part 18 (?cstart)
               calls direct
    -------------------------------------------------------------------------
<CODE> 1 (was CODE)
  Relative segment, address: 1D4E - 1D63 (0x16 bytes), align: 1
  Segment part 11.            Intra module refs:   main
           ENTRY                   ADDRESS         REF BY
           =====                   =======         ======
           TaskStart1              1D4E 
               calls direct
    -------------------------------------------------------------------------
<CODE> 1 (was CODE)
  Relative segment, address: 1D64 - 1D77 (0x14 bytes), align: 1
  Segment part 12.            Intra module refs:   main
           ENTRY                   ADDRESS         REF BY
           =====                   =======         ======
           TaskStart2              1D64 
               calls direct
    -------------------------------------------------------------------------
<CODE> 1 (was CODE)
  Relative segment, address: 1D0C - 1D21 (0x16 bytes), align: 1
  Segment part 13.            Intra module refs:   main
           ENTRY                   ADDRESS         REF BY
           =====                   =======         ======
           TaskStart3              1D0C 
               calls direct
    -------------------------------------------------------------------------
<CODE> 1 (was CODE)
  Relative segment, address: 1D22 - 1D37 (0x16 bytes), align: 1
  Segment part 14.            Intra module refs:   main
           ENTRY                   ADDRESS         REF BY
           =====                   =======         ======
           TaskStart4              1D22 
               calls direct
    -------------------------------------------------------------------------
<CODE> 1 (was CODE)
  Relative segment, address: 1CE0 - 1CF5 (0x16 bytes), align: 1
  Segment part 15.            Intra module refs:   main
           ENTRY                   ADDRESS         REF BY
           =====                   =======         ======
           TaskStart5              1CE0 
               calls direct
    -------------------------------------------------------------------------
<CODE> 1 (was CODE)
  Relative segment, address: 1CC8 - 1CDF (0x18 bytes), align: 1
  Segment part 16.            Intra module refs:   main
           ENTRY                   ADDRESS         REF BY
           =====                   =======         ======
           TaskStart6              1CC8 
               calls direct
    -------------------------------------------------------------------------
<CODE> 1 (was CODE)
  Relative segment, address: 1CAE - 1CC7 (0x1a bytes), align: 1
  Segment part 17.            Intra module refs:   main
           ENTRY                   ADDRESS         REF BY
           =====                   =======         ======
           TaskStart7              1CAE 
               calls direct
    -------------------------------------------------------------------------
<CODE> 1 (was CODE)
  Relative segment, address: 1CF6 - 1D0B (0x16 bytes), align: 1
  Segment part 18.            Intra module refs:   main
           ENTRY                   ADDRESS         REF BY
           =====                   =======         ======
           TaskStart8              1CF6 
               calls direct

    *************************************************************************

  FILE NAME : F:\Source_Code\msp430\ucos_demo\Debug\Obj\app_hooks.r43
    *************************************************************************

  FILE NAME : F:\Source_Code\msp430\ucos_demo\Debug\Obj\bsp.r43
  PROGRAM MODULE, NAME : bsp

  SEGMENTS IN THE MODULE
  ======================
DATA16_AN
  Relative segment, address: 0000 - 0000 (0x1 bytes), align: 0
  Segment part 1. ROOT        Intra module refs:   SystemTick_Init
           ENTRY                   ADDRESS         REF BY
           =====                   =======         ======
           IE1                     0000 
    -------------------------------------------------------------------------
DATA16_AN
  Relative segment, address: 0002 - 0002 (0x1 bytes), align: 0
  Segment part 2. ROOT        Intra module refs:   Clock_Init
           ENTRY                   ADDRESS         REF BY
           =====                   =======         ======
           IFG1                    0002 
    -------------------------------------------------------------------------
DATA16_AN
  Relative segment, address: 0120 - 0121 (0x2 bytes), align: 0
  Segment part 3. ROOT        Intra module refs:   BSP_Init
                                                   SystemTick_Init
           ENTRY                   ADDRESS         REF BY
           =====                   =======         ======
           WDTCTL                  0120 
    -------------------------------------------------------------------------
DATA16_AN
  Relative segment, address: 0035 - 0035 (0x1 bytes), align: 0
  Segment part 4. ROOT        Intra module refs:   LED_Blink
                                                   LED_Init
           ENTRY                   ADDRESS         REF BY
           =====                   =======         ======
           P6OUT                   0035 
    -------------------------------------------------------------------------
DATA16_AN
  Relative segment, address: 0036 - 0036 (0x1 bytes), align: 0
  Segment part 5. ROOT        Intra module refs:   LED_Init
           ENTRY                   ADDRESS         REF BY
           =====                   =======         ======
           P6DIR                   0036 
    -------------------------------------------------------------------------
DATA16_AN
  Relative segment, address: 0057 - 0057 (0x1 bytes), align: 0
  Segment part 6. ROOT        Intra module refs:   Clock_Init
           ENTRY                   ADDRESS         REF BY
           =====                   =======         ======
           BCSCTL1                 0057 
    -------------------------------------------------------------------------
DATA16_AN
  Relative segment, address: 0058 - 0058 (0x1 bytes), align: 0
  Segment part 7. ROOT        Intra module refs:   Clock_Init
           ENTRY                   ADDRESS         REF BY
           =====                   =======         ======
           BCSCTL2                 0058 
    -------------------------------------------------------------------------
<CODE> 1 (was CODE)
  Relative segment, address: 1BE0 - 1C09 (0x2a bytes), align: 1
  Segment part 9.             Intra module refs:   BSP_Init
           ENTRY                   ADDRESS         REF BY
           =====                   =======         ======
           Clock_Init              1BE0 
    -------------------------------------------------------------------------
<CODE> 1 (was CODE)
  Relative segment, address: 1DD0 - 1DD9 (0xa bytes), align: 1
  Segment part 10.            Intra module refs:   BSP_Init
           ENTRY                   ADDRESS         REF BY
           =====                   =======         ======
           LED_Init                1DD0 
    -------------------------------------------------------------------------
<CODE> 1 (was CODE)
  Relative segment, address: 1D38 - 1D4D (0x16 bytes), align: 1
  Segment part 11.
           ENTRY                   ADDRESS         REF BY
           =====                   =======         ======
           LED_Blink               1D38            TaskStart1 (app)
                                                   TaskStart2 (app)
                                                   TaskStart3 (app)
                                                   TaskStart4 (app)
                                                   TaskStart5 (app)
                                                   TaskStart6 (app)
                                                   TaskStart7 (app)
                                                   TaskStart8 (app)
               calls direct
    -------------------------------------------------------------------------
<CODE> 1 (was CODE)
  Relative segment, address: 1DDA - 1DDF (0x6 bytes), align: 1
  Segment part 12.            Intra module refs:   BSP_Init
           ENTRY                   ADDRESS         REF BY
           =====                   =======         ======
           BSP_IntDisAll           1DDA 
    -------------------------------------------------------------------------
<CODE> 1 (was CODE)
  Relative segment, address: 1D78 - 1D89 (0x12 bytes), align: 1
  Segment part 14.
           ENTRY                   ADDRESS         REF BY
           =====                   =======         ======
           BSP_Init                1D78            main (app)
               calls direct
    -------------------------------------------------------------------------
<CODE> 1 (was CODE)
  Relative segment, address: 1DC4 - 1DCF (0xc bytes), align: 1
  Segment part 15.
           ENTRY                   ADDRESS         REF BY
           =====                   =======         ======
           SystemTick_Init         1DC4            main (app)

    *************************************************************************

  FILE NAME : F:\Source_Code\msp430\ucos_demo\Debug\Obj\cpu_core.r43
    *************************************************************************

  FILE NAME : F:\Source_Code\msp430\ucos_demo\Debug\Obj\os_core.r43
  PROGRAM MODULE, NAME : os_core

  SEGMENTS IN THE MODULE
  ======================
DATA16_Z
  Relative segment, address: 0500 - 0503 (0x4 bytes), align: 1
  Segment part 3.             Intra module refs:   OSIntExit
                                                   OS_InitMisc
                                                   OS_Sched
           ENTRY                   ADDRESS         REF BY
           =====                   =======         ======
           OSCtxSwCtr              0500 
    -------------------------------------------------------------------------
DATA16_Z
  Relative segment, address: 0504 - 0505 (0x2 bytes), align: 1
  Segment part 4.             Intra module refs:   OS_InitEventList
           ENTRY                   ADDRESS         REF BY
           =====                   =======         ======
           OSEventFreeList         0504 
    -------------------------------------------------------------------------
DATA16_Z
  Relative segment, address: 0506 - 05B9 (0xb4 bytes), align: 1
  Segment part 5.             Intra module refs:   OS_InitEventList
           ENTRY                   ADDRESS         REF BY
           =====                   =======         ======
           OSEventTbl              0506 
    -------------------------------------------------------------------------
DATA16_Z
  Relative segment, address: 05BA - 05D7 (0x1e bytes), align: 1
  Segment part 6.
           ENTRY                   ADDRESS         REF BY
           =====                   =======         ======
           OSFlagTbl               05BA            OS_FlagInit (os_flag)
    -------------------------------------------------------------------------
DATA16_Z
  Relative segment, address: 05D8 - 05D9 (0x2 bytes), align: 1
  Segment part 7.
           ENTRY                   ADDRESS         REF BY
           =====                   =======         ======
           OSFlagFreeList          05D8            OS_FlagInit (os_flag)
    -------------------------------------------------------------------------
DATA16_Z
  Relative segment, address: 0980 - 0980 (0x1 bytes), align: 0
  Segment part 8.             Intra module refs:   OSIntExit
                                                   OS_InitMisc
                                                   OS_Sched
           ENTRY                   ADDRESS         REF BY
           =====                   =======         ======
           OSIntNesting            0980            OSTaskCreate (os_task)
                                                   OSTaskCreateExt (os_task)
                                                   OSTimeDly (os_time)
                                                   OSTimeDlyHMSM (os_time)
                                                   WDT_ISR (os_cpu_a)
    -------------------------------------------------------------------------
DATA16_Z
  Relative segment, address: 0981 - 0981 (0x1 bytes), align: 0
  Segment part 9.             Intra module refs:   OSIntExit
                                                   OS_InitMisc
                                                   OS_Sched
           ENTRY                   ADDRESS         REF BY
           =====                   =======         ======
           OSLockNesting           0981            OSTimeDly (os_time)
                                                   OSTimeDlyHMSM (os_time)
    -------------------------------------------------------------------------
DATA16_Z
  Relative segment, address: 0982 - 0982 (0x1 bytes), align: 0
  Segment part 10.            Intra module refs:   OSIntExit
                                                   OSStart
                                                   OS_InitRdyList
                                                   OS_Sched
           ENTRY                   ADDRESS         REF BY
           =====                   =======         ======
           OSPrioCur               0982            Segment part 0 (os_cpu_a)
    -------------------------------------------------------------------------
DATA16_Z
  Relative segment, address: 0983 - 0983 (0x1 bytes), align: 0
  Segment part 11.            Intra module refs:   OSIntExit
                                                   OSStart
                                                   OS_InitRdyList
                                                   OS_Sched
                                                   OS_SchedNew
           ENTRY                   ADDRESS         REF BY
           =====                   =======         ======
           OSPrioHighRdy           0983            Segment part 0 (os_cpu_a)
    -------------------------------------------------------------------------
DATA16_Z
  Relative segment, address: 0984 - 0984 (0x1 bytes), align: 0
  Segment part 12.            Intra module refs:   OSTimeTick
                                                   OS_InitRdyList
                                                   OS_SchedNew
                                                   OS_TCBInit
           ENTRY                   ADDRESS         REF BY
           =====                   =======         ======
           OSRdyGrp                0984            OSTimeDly (os_time)
    -------------------------------------------------------------------------
DATA16_Z
  Relative segment, address: 0985 - 098C (0x8 bytes), align: 0
  Segment part 13.            Intra module refs:   OSTimeTick
                                                   OS_InitRdyList
                                                   OS_SchedNew
                                                   OS_TCBInit
           ENTRY                   ADDRESS         REF BY
           =====                   =======         ======
           OSRdyTbl                0985            OSTimeDly (os_time)
    -------------------------------------------------------------------------
DATA16_Z
  Relative segment, address: 098D - 098D (0x1 bytes), align: 0
  Segment part 14.            Intra module refs:   OSIntExit
                                                   OSStart
                                                   OSTimeTick
                                                   OS_InitMisc
           ENTRY                   ADDRESS         REF BY
           =====                   =======         ======
           OSRunning               098D            OSTaskCreate (os_task)
                                                   OSTaskCreateExt (os_task)
                                                   Segment part 0 (os_cpu_a)
    -------------------------------------------------------------------------
DATA16_Z
  Relative segment, address: 098E - 098E (0x1 bytes), align: 0
  Segment part 15.            Intra module refs:   OS_InitMisc
                                                   OS_TCBInit
           ENTRY                   ADDRESS         REF BY
           =====                   =======         ======
           OSTaskCtr               098E 
    -------------------------------------------------------------------------
DATA16_Z
  Relative segment, address: 05DA - 05DD (0x4 bytes), align: 1
  Segment part 16.            Intra module refs:   OS_InitMisc
                                                   OS_TaskIdle
           ENTRY                   ADDRESS         REF BY
           =====                   =======         ======
           OSIdleCtr               05DA 
    -------------------------------------------------------------------------
DATA16_Z
  Relative segment, address: 05DE - 065D (0x80 bytes), align: 1
  Segment part 17.            Intra module refs:   OS_InitTaskIdle
           ENTRY                   ADDRESS         REF BY
           =====                   =======         ======
           OSTaskIdleStk           05DE 
    -------------------------------------------------------------------------
DATA16_Z
  Relative segment, address: 065E - 065F (0x2 bytes), align: 1
  Segment part 18.            Intra module refs:   OSStart
                                                   OS_InitRdyList
           ENTRY                   ADDRESS         REF BY
           =====                   =======         ======
           OSTCBCur                065E            OSTimeDly (os_time)
                                                   Segment part 0 (os_cpu_a)
                                                   WDT_ISR (os_cpu_a)
    -------------------------------------------------------------------------
DATA16_Z
  Relative segment, address: 0660 - 0661 (0x2 bytes), align: 1
  Segment part 19.            Intra module refs:   OS_InitTCBList
                                                   OS_TCBInit
           ENTRY                   ADDRESS         REF BY
           =====                   =======         ======
           OSTCBFreeList           0660 
    -------------------------------------------------------------------------
DATA16_Z
  Relative segment, address: 0662 - 0663 (0x2 bytes), align: 1
  Segment part 20.            Intra module refs:   OSIntExit
                                                   OSStart
                                                   OS_InitRdyList
                                                   OS_Sched
           ENTRY                   ADDRESS         REF BY
           =====                   =======         ======
           OSTCBHighRdy            0662            Segment part 0 (os_cpu_a)
                                                   WDT_ISR (os_cpu_a)
    -------------------------------------------------------------------------
DATA16_Z
  Relative segment, address: 0664 - 0665 (0x2 bytes), align: 1
  Segment part 21.            Intra module refs:   OSTimeTick
                                                   OS_InitTCBList
                                                   OS_TCBInit
           ENTRY                   ADDRESS         REF BY
           =====                   =======         ======
           OSTCBList               0664 
    -------------------------------------------------------------------------
DATA16_Z
  Relative segment, address: 0666 - 06E5 (0x80 bytes), align: 1
  Segment part 22.            Intra module refs:   OSIntExit
                                                   OSStart
                                                   OS_InitTCBList
                                                   OS_Sched
                                                   OS_TCBInit
           ENTRY                   ADDRESS         REF BY
           =====                   =======         ======
           OSTCBPrioTbl            0666            OSTaskCreate (os_task)
                                                   OSTaskCreateExt (os_task)
    -------------------------------------------------------------------------
DATA16_Z
  Relative segment, address: 06E6 - 0979 (0x294 bytes), align: 1
  Segment part 23.            Intra module refs:   OS_InitTCBList
           ENTRY                   ADDRESS         REF BY
           =====                   =======         ======
           OSTCBTbl                06E6 
    -------------------------------------------------------------------------
DATA16_Z
  Relative segment, address: 098F - 098F (0x1 bytes), align: 0
  Segment part 24.            Intra module refs:   OSTimeTick
           ENTRY                   ADDRESS         REF BY
           =====                   =======         ======
           OSTickStepState         098F 
    -------------------------------------------------------------------------
DATA16_Z
  Relative segment, address: 0990 - 0990 (0x1 bytes), align: 0
  Segment part 25.            Intra module refs:   OS_InitMisc
           ENTRY                   ADDRESS         REF BY
           =====                   =======         ======
           OSTaskRegNextAvailID    0990 
    -------------------------------------------------------------------------
DATA16_Z
  Relative segment, address: 097A - 097D (0x4 bytes), align: 1
  Segment part 26.            Intra module refs:   OSTimeTick
                                                   OS_InitMisc
           ENTRY                   ADDRESS         REF BY
           =====                   =======         ======
           OSTime                  097A 
    -------------------------------------------------------------------------
DATA16_C
  Relative segment, address: 1100 - 1101 (0x2 bytes), align: 0
  Segment part 2.             Intra module refs:   OS_InitEventList
    -------------------------------------------------------------------------
DATA16_C
  Relative segment, address: 1102 - 1201 (0x100 bytes), align: 0
  Segment part 27.            Intra module refs:   OS_SchedNew
           ENTRY                   ADDRESS         REF BY
           =====                   =======         ======
           OSUnMapTbl              1102 
    -------------------------------------------------------------------------
<CODE> 1 (was CODE)
  Relative segment, address: 1C54 - 1C73 (0x20 bytes), align: 1
  Segment part 42.
           ENTRY                   ADDRESS         REF BY
           =====                   =======         ======
           OSInit                  1C54            main (app)
               calls direct
    -------------------------------------------------------------------------
<CODE> 1 (was CODE)
  Relative segment, address: 19B6 - 1A17 (0x62 bytes), align: 1
  Segment part 44.
           ENTRY                   ADDRESS         REF BY
           =====                   =======         ======
           OSIntExit               19B6            WDT_ISR (os_cpu_a)
               calls direct
    -------------------------------------------------------------------------
<CODE> 1 (was CODE)
  Relative segment, address: 1B8C - 1BB5 (0x2a bytes), align: 1
  Segment part 47.
           ENTRY                   ADDRESS         REF BY
           =====                   =======         ======
           OSStart                 1B8C            main (app)
               calls direct
    -------------------------------------------------------------------------
<CODE> 1 (was CODE)
  Relative segment, address: 1580 - 1643 (0xc4 bytes), align: 1
  Segment part 48.
           ENTRY                   ADDRESS         REF BY
           =====                   =======         ======
           OSTimeTick              1580            WDT_ISR (os_cpu_a)
               calls direct
    -------------------------------------------------------------------------
<CODE> 1 (was CODE)
  Relative segment, address: 1942 - 19B5 (0x74 bytes), align: 1
  Segment part 38.            Intra module refs:   OSInit
           LOCAL                   ADDRESS         
           =====                   =======         
           OS_InitEventList        1942 
               calls direct
    -------------------------------------------------------------------------
<CODE> 1 (was CODE)
  Relative segment, address: 1B5E - 1B8B (0x2e bytes), align: 1
  Segment part 41.            Intra module refs:   OSInit
           LOCAL                   ADDRESS         
           =====                   =======         
           OS_InitMisc             1B5E 
    -------------------------------------------------------------------------
<CODE> 1 (was CODE)
  Relative segment, address: 1C0A - 1C2F (0x26 bytes), align: 1
  Segment part 40.            Intra module refs:   OSInit
           LOCAL                   ADDRESS         
           =====                   =======         
           OS_InitRdyList          1C0A 
    -------------------------------------------------------------------------
<CODE> 1 (was CODE)
  Relative segment, address: 1BB6 - 1BDF (0x2a bytes), align: 1
  Segment part 36.            Intra module refs:   OSInit
           LOCAL                   ADDRESS         
           =====                   =======         
           OS_InitTaskIdle         1BB6 
               calls direct
    -------------------------------------------------------------------------
<CODE> 1 (was CODE)
  Relative segment, address: 18BE - 1941 (0x84 bytes), align: 1
  Segment part 39.            Intra module refs:   OSInit
           LOCAL                   ADDRESS         
           =====                   =======         
           OS_InitTCBList          18BE 
               calls direct
    -------------------------------------------------------------------------
<CODE> 1 (was CODE)
  Relative segment, address: 1D8A - 1D99 (0x10 bytes), align: 1
  Segment part 37.            Intra module refs:   OS_InitEventList
                                                   OS_InitTCBList
           ENTRY                   ADDRESS         REF BY
           =====                   =======         ======
           OS_MemClr               1D8A            OS_FlagInit (os_flag)
    -------------------------------------------------------------------------
<CODE> 1 (was CODE)
  Relative segment, address: 1AD4 - 1B25 (0x52 bytes), align: 1
  Segment part 33.
           ENTRY                   ADDRESS         REF BY
           =====                   =======         ======
           OS_Sched                1AD4            OSTaskCreate (os_task)
                                                   OSTaskCreateExt (os_task)
                                                   OSTimeDly (os_time)
               calls direct
    -------------------------------------------------------------------------
<CODE> 1 (was CODE)
  Relative segment, address: 1C30 - 1C53 (0x24 bytes), align: 1
  Segment part 32.            Intra module refs:   OSIntExit
                                                   OSStart
                                                   OS_Sched
           LOCAL                   ADDRESS         
           =====                   =======         
           OS_SchedNew             1C30 
    -------------------------------------------------------------------------
<CODE> 1 (was CODE)
  Relative segment, address: 1C92 - 1CAD (0x1c bytes), align: 1
  Segment part 56.            Intra module refs:   OS_InitTaskIdle
           ENTRY                   ADDRESS         REF BY
           =====                   =======         ======
           OS_TaskIdle             1C92 
               calls direct
    -------------------------------------------------------------------------
<CODE> 1 (was CODE)
  Relative segment, address: 1284 - 13DB (0x158 bytes), align: 1
  Segment part 57.
           ENTRY                   ADDRESS         REF BY
           =====                   =======         ======
           OS_TCBInit              1284            OSTaskCreate (os_task)
                                                   OSTaskCreateExt (os_task)
               calls direct

    *************************************************************************

  FILE NAME : F:\Source_Code\msp430\ucos_demo\Debug\Obj\os_cpu_a.r43
  PROGRAM MODULE, NAME : os_cpu_a

Absolute parts
           LOCAL                   ADDRESS         
           =====                   =======         
           __MSP430F1471__         0000 
  SEGMENTS IN THE MODULE
  ======================
<CODE> 1 (was CODE)
  Relative segment, address: 14B6 - 157F (0xca bytes), align: 1
  Segment part 0. ROOT 
           ENTRY                   ADDRESS         REF BY
           =====                   =======         ======
           OSCtxSw                 14F0            OS_Sched (os_core)
           OSIntCtxSw              1542            OSIntExit (os_core)
           OSStartHighRdy          14C4            OSStart (os_core)
           OS_CPU_SR_Save          14B6            OSIntExit (os_core)
                                                   OSTaskCreate (os_task)
                                                   OSTaskCreateExt (os_task)
                                                   OSTimeDly (os_time)
                                                   OSTimeTick (os_core)
                                                   OS_Sched (os_core)
                                                   OS_TCBInit (os_core)
                                                   OS_TaskIdle (os_core)
           OS_CPU_SR_Restore       14BE            OSIntExit (os_core)
                                                   OSTaskCreate (os_task)
                                                   OSTaskCreateExt (os_task)
                                                   OSTimeDly (os_time)
                                                   OSTimeTick (os_core)
                                                   OS_Sched (os_core)
                                                   OS_TCBInit (os_core)
                                                   OS_TaskIdle (os_core)
           LOCAL                   ADDRESS         
           =====                   =======         
           OSCPUSaveSR             1572 
           OSCPURestoreSR          157A 
    -------------------------------------------------------------------------
ISR_CODE
  Relative segment, address: 121A - 1283 (0x6a bytes), align: 1
  Segment part 1. ROOT        Intra module refs:   WDT_VEC
           ENTRY                   ADDRESS         REF BY
           =====                   =======         ======
           WDT_ISR                 121A 
           LOCAL                   ADDRESS         
           =====                   =======         
           WDT_ISR_1               1248 
           WDT_ISR_2               126A 
    -------------------------------------------------------------------------
INTVEC
  Common segment, address: FFE0 - FFF5 (0x16 bytes), align: 1
  Segment part 2. ROOT 
           LOCAL                   ADDRESS         
           =====                   =======         
           WDT_VEC                 FFF4 

    *************************************************************************

  FILE NAME : F:\Source_Code\msp430\ucos_demo\Debug\Obj\os_cpu_c.r43
  PROGRAM MODULE, NAME : os_cpu_c

  SEGMENTS IN THE MODULE
  ======================
DATA16_Z
  Relative segment, address: 097E - 097F (0x2 bytes), align: 1
  Segment part 2.
           ENTRY                   ADDRESS         REF BY
           =====                   =======         ======
           OSISRStkPtr             097E            Segment part 0 (os_cpu_a)
                                                   WDT_ISR (os_cpu_a)
    -------------------------------------------------------------------------
<CODE> 1 (was CODE)
  Relative segment, address: 1DEC - 1DED (0x2 bytes), align: 1
  Segment part 3.
           ENTRY                   ADDRESS         REF BY
           =====                   =======         ======
           OSInitHookBegin         1DEC            OSInit (os_core)
    -------------------------------------------------------------------------
<CODE> 1 (was CODE)
  Relative segment, address: 1DE8 - 1DE9 (0x2 bytes), align: 1
  Segment part 4.
           ENTRY                   ADDRESS         REF BY
           =====                   =======         ======
           OSInitHookEnd           1DE8            OSInit (os_core)
    -------------------------------------------------------------------------
<CODE> 1 (was CODE)
  Relative segment, address: 1DF4 - 1DF5 (0x2 bytes), align: 1
  Segment part 5.
           ENTRY                   ADDRESS         REF BY
           =====                   =======         ======
           OSTaskCreateHook        1DF4            OS_TCBInit (os_core)
    -------------------------------------------------------------------------
<CODE> 1 (was CODE)
  Relative segment, address: 1DEE - 1DEF (0x2 bytes), align: 1
  Segment part 7.
           ENTRY                   ADDRESS         REF BY
           =====                   =======         ======
           OSTaskIdleHook          1DEE            OS_TaskIdle (os_core)
    -------------------------------------------------------------------------
<CODE> 1 (was CODE)
  Relative segment, address: 182C - 18BD (0x92 bytes), align: 1
  Segment part 9.
           ENTRY                   ADDRESS         REF BY
           =====                   =======         ======
           OSTaskStkInit           182C            OSTaskCreate (os_task)
                                                   OSTaskCreateExt (os_task)
    -------------------------------------------------------------------------
<CODE> 1 (was CODE)
  Relative segment, address: 1DF0 - 1DF1 (0x2 bytes), align: 1
  Segment part 10.
           ENTRY                   ADDRESS         REF BY
           =====                   =======         ======
           OSTaskSwHook            1DF0            Segment part 0 (os_cpu_a)
    -------------------------------------------------------------------------
<CODE> 1 (was CODE)
  Relative segment, address: 1DEA - 1DEB (0x2 bytes), align: 1
  Segment part 11.
           ENTRY                   ADDRESS         REF BY
           =====                   =======         ======
           OSTCBInitHook           1DEA            OS_TCBInit (os_core)
    -------------------------------------------------------------------------
<CODE> 1 (was CODE)
  Relative segment, address: 1DF2 - 1DF3 (0x2 bytes), align: 1
  Segment part 12.
           ENTRY                   ADDRESS         REF BY
           =====                   =======         ======
           OSTimeTickHook          1DF2            OSTimeTick (os_core)

    *************************************************************************

  FILE NAME : F:\Source_Code\msp430\ucos_demo\Debug\Obj\os_dbg.r43
    *************************************************************************

  FILE NAME : F:\Source_Code\msp430\ucos_demo\Debug\Obj\os_flag.r43
  PROGRAM MODULE, NAME : os_flag

  SEGMENTS IN THE MODULE
  ======================
<CODE> 1 (was CODE)
  Relative segment, address: 1A7A - 1AD3 (0x5a bytes), align: 1
  Segment part 12.
           ENTRY                   ADDRESS         REF BY
           =====                   =======         ======
           OS_FlagInit             1A7A            OSInit (os_core)
               calls direct

    *************************************************************************

  FILE NAME : F:\Source_Code\msp430\ucos_demo\Debug\Obj\os_mbox.r43
    *************************************************************************

  FILE NAME : F:\Source_Code\msp430\ucos_demo\Debug\Obj\os_mem.r43
    *************************************************************************

  FILE NAME : F:\Source_Code\msp430\ucos_demo\Debug\Obj\os_mutex.r43
    *************************************************************************

  FILE NAME : F:\Source_Code\msp430\ucos_demo\Debug\Obj\os_q.r43
    *************************************************************************

  FILE NAME : F:\Source_Code\msp430\ucos_demo\Debug\Obj\os_sem.r43
    *************************************************************************

  FILE NAME : F:\Source_Code\msp430\ucos_demo\Debug\Obj\os_task.r43
  PROGRAM MODULE, NAME : os_task

  SEGMENTS IN THE MODULE
  ======================
<CODE> 1 (was CODE)
  Relative segment, address: 16F0 - 178D (0x9e bytes), align: 1
  Segment part 3.
           ENTRY                   ADDRESS         REF BY
           =====                   =======         ======
           OSTaskCreate            16F0            main (app)
               calls direct
    -------------------------------------------------------------------------
<CODE> 1 (was CODE)
  Relative segment, address: 1644 - 16EF (0xac bytes), align: 1
  Segment part 4.
           ENTRY                   ADDRESS         REF BY
           =====                   =======         ======
           OSTaskCreateExt         1644            OS_InitTaskIdle (os_core)
               calls direct

    *************************************************************************

  FILE NAME : F:\Source_Code\msp430\ucos_demo\Debug\Obj\os_time.r43
  PROGRAM MODULE, NAME : os_time

  SEGMENTS IN THE MODULE
  ======================
<CODE> 1 (was CODE)
  Relative segment, address: 1A18 - 1A79 (0x62 bytes), align: 1
  Segment part 2.             Intra module refs:   OSTimeDlyHMSM
           ENTRY                   ADDRESS         REF BY
           =====                   =======         ======
           OSTimeDly               1A18 
               calls direct
    -------------------------------------------------------------------------
<CODE> 1 (was CODE)
  Relative segment, address: 13DC - 14B5 (0xda bytes), align: 1
  Segment part 3.
           ENTRY                   ADDRESS         REF BY
           =====                   =======         ======
           OSTimeDlyHMSM           13DC            TaskStart1 (app)
                                                   TaskStart2 (app)
                                                   TaskStart3 (app)
                                                   TaskStart4 (app)
                                                   TaskStart5 (app)
                                                   TaskStart6 (app)
                                                   TaskStart7 (app)
                                                   TaskStart8 (app)
               calls direct

    *************************************************************************

  FILE NAME : F:\Source_Code\msp430\ucos_demo\Debug\Obj\os_tmr.r43
    *************************************************************************

  FILE NAME : C:\Program Files (x86)\IAR Systems\Embedded Workbench 8.0\430\lib\dlib\dl430fn.r43
  LIBRARY MODULE, NAME : ?_exit

  SEGMENTS IN THE MODULE
  ======================
<CODE> 1 (was CODE)
  Relative segment, address: 1DE4, align: 1
  Segment part 0.
           ENTRY                   ADDRESS         REF BY
           =====                   =======         ======
           _exit                   1DE4            exit (?exit)
    -------------------------------------------------------------------------
<CODE> 1 (was CODE)
  Relative segment, address: 1DE4 - 1DE7 (0x4 bytes), align: 1
  Segment part 6.             Intra module refs:   _exit

    -------------------------------------------------------------------------
  LIBRARY MODULE, NAME : ?cstart

  SEGMENTS IN THE MODULE
  ======================
CSTACK
  Relative segment, address: 09B0, align: 1
  Segment part 1.
    -------------------------------------------------------------------------
DATA16_Z
  Relative segment, address: 0980, align: 1
  Segment part 2.
    -------------------------------------------------------------------------
CSTART
  Relative segment, address: 1202 - 1205 (0x4 bytes), align: 1
  Segment part 9.
           ENTRY                   ADDRESS         REF BY
           =====                   =======         ======
           __program_start         1202            ?reset_vector (?reset_vector)
                                                   Absolute parts (?ABS_ENTRY_MOD)
           ?cstart_begin           1202 
    -------------------------------------------------------------------------
CSTART
  Relative segment, address: 1206 - 1211 (0xc bytes), align: 1
  Segment part 13.
           ENTRY                   ADDRESS         REF BY
           =====                   =======         ======
           ?cstart_init_zero       1206            OSCtxSwCtr (os_core)
                                                   OSEventFreeList (os_core)
                                                   OSEventTbl (os_core)
                                                   OSFlagFreeList (os_core)
                                                   OSFlagTbl (os_core)
                                                   OSISRStkPtr (os_cpu_c)
                                                   OSIdleCtr (os_core)
                                                   OSIntNesting (os_core)
                                                   OSLockNesting (os_core)
                                                   OSPrioCur (os_core)
                                                   OSPrioHighRdy (os_core)
                                                   OSRdyGrp (os_core)
                                                   OSRdyTbl (os_core)
                                                   OSRunning (os_core)
                                                   OSTCBCur (os_core)
                                                   OSTCBFreeList (os_core)
                                                   OSTCBHighRdy (os_core)
                                                   OSTCBList (os_core)
                                                   OSTCBPrioTbl (os_core)
                                                   OSTCBTbl (os_core)
                                                   OSTaskCtr (os_core)
                                                   OSTaskIdleStk (os_core)
                                                   OSTaskRegNextAvailID (os_core)
                                                   OSTickStepState (os_core)
                                                   OSTime (os_core)
                                                   TaskStartStk1 (app)
                                                   TaskStartStk2 (app)
                                                   TaskStartStk3 (app)
                                                   TaskStartStk4 (app)
                                                   TaskStartStk5 (app)
                                                   TaskStartStk6 (app)
                                                   TaskStartStk7 (app)
                                                   TaskStartStk8 (app)
    -------------------------------------------------------------------------
CSTART
  Relative segment, address: 1212 - 1219 (0x8 bytes), align: 1
  Segment part 18.            Intra module refs:   Segment part 9
           ENTRY                   ADDRESS         REF BY
           =====                   =======         ======
           ?cstart_call_main       1212 
           ?cstart_end             121A 

    -------------------------------------------------------------------------
  LIBRARY MODULE, NAME : ?reset_vector

  SEGMENTS IN THE MODULE
  ======================
RESET
  Relative segment, address: FFFE - FFFF (0x2 bytes), align: 1
  Segment part 0.
           ENTRY                   ADDRESS         REF BY
           =====                   =======         ======
           ?reset_vector           FFFE            Segment part 9 (?cstart)

    -------------------------------------------------------------------------
  LIBRARY MODULE, NAME : ?Epilogue

  SEGMENTS IN THE MODULE
  ======================
<CODE> 1 (was CODE)
  Relative segment, address: 1DAA - 1DAB (0x2 bytes), align: 1
  Segment part 2.
           ENTRY                   ADDRESS         REF BY
           =====                   =======         ======
           ?Epilogue6              1DAA            OS_TCBInit (os_core)
    -------------------------------------------------------------------------
<CODE> 1 (was CODE)
  Relative segment, address: 1DAC - 1DAD (0x2 bytes), align: 1
  Segment part 3.             Intra module refs:   ?Epilogue6
           ENTRY                   ADDRESS         REF BY
           =====                   =======         ======
           ?Epilogue5              1DAC            OSTaskCreate (os_task)
                                                   OSTaskCreateExt (os_task)
    -------------------------------------------------------------------------
<CODE> 1 (was CODE)
  Relative segment, address: 1DAE - 1DAF (0x2 bytes), align: 1
  Segment part 4.             Intra module refs:   ?Epilogue5
           ENTRY                   ADDRESS         REF BY
           =====                   =======         ======
           ?Epilogue4              1DAE 
    -------------------------------------------------------------------------
<CODE> 1 (was CODE)
  Relative segment, address: 1DB0 - 1DB7 (0x8 bytes), align: 1
  Segment part 5.             Intra module refs:   ?Epilogue4
           ENTRY                   ADDRESS         REF BY
           =====                   =======         ======
           ?Epilogue3              1DB0            OSTimeDlyHMSM (os_time)

    -------------------------------------------------------------------------
  LIBRARY MODULE, NAME : ?exit

  SEGMENTS IN THE MODULE
  ======================
<CODE> 1 (was CODE)
  Relative segment, address: 1DE0 - 1DE3 (0x4 bytes), align: 1
  Segment part 2.
           ENTRY                   ADDRESS         REF BY
           =====                   =======         ======
           exit                    1DE0            Segment part 18 (?cstart)
               calls direct

    -------------------------------------------------------------------------
  LIBRARY MODULE, NAME : ?DivMod32u

  SEGMENTS IN THE MODULE
  ======================
<CODE> 1 (was CODE)
  Relative segment, address: 1B26 - 1B5D (0x38 bytes), align: 1
  Segment part 0.
           ENTRY                   ADDRESS         REF BY
           =====                   =======         ======
           ?DivMod32u              1B26            OSTimeDlyHMSM (os_time)

    -------------------------------------------------------------------------
  LIBRARY MODULE, NAME : ?ShiftLeft16

  SEGMENTS IN THE MODULE
  ======================
<CODE> 1 (was CODE)
  Relative segment, address: 1DB8 - 1DC3 (0xc bytes), align: 1
  Segment part 0.
           ENTRY                   ADDRESS         REF BY
           =====                   =======         ======
           ?ShiftLeft16            1DB8            ?OneBitMask32 (?OneBitMask32)
                                                   LED_Blink (bsp)

    -------------------------------------------------------------------------
  LIBRARY MODULE, NAME : ?OneBitMask32

  SEGMENTS IN THE MODULE
  ======================
<CODE> 1 (was CODE)
  Relative segment, address: 1C74 - 1C91 (0x1e bytes), align: 1
  Segment part 0.
           ENTRY                   ADDRESS         REF BY
           =====                   =======         ======
           ?OneBitMask32           1C74            OS_TCBInit (os_core)

    -------------------------------------------------------------------------
  LIBRARY MODULE, NAME : ?memzero

  SEGMENTS IN THE MODULE
  ======================
<CODE> 1 (was CODE)
  Relative segment, address: 1D9A - 1DA9 (0x10 bytes), align: 1
  Segment part 2.
           ENTRY                   ADDRESS         REF BY
           =====                   =======         ======
           __data16_memzero        1D9A            ?cstart_init_zero (?cstart)

    -------------------------------------------------------------------------
  LIBRARY MODULE, NAME : ?__exit

  SEGMENTS IN THE MODULE
  ======================
<CODE> 1 (was CODE)
  Relative segment, address: 1DF6 - 1DF7 (0x2 bytes), align: 1
  Segment part 2.
           ENTRY                   ADDRESS         REF BY
           =====                   =======         ======
           __exit                  1DF6            Segment part 6 (?_exit)
                                                   _exit (?_exit)




                ****************************************
                *                                      *
                *            MODULE SUMMARY            *
                *                                      *
                ****************************************

Module               CODE      DATA      CONST
------               ----      ----      -----
                    (Rel)  (Rel)  (Abs)  (Rel)
?DivMod32u             56
?Epilogue              14
?OneBitMask32          30
?ShiftLeft16           12
?__exit                 2
?_exit                  4
?cstart                24
?exit                   4
?memzero               16
?reset_vector           2
app                   338    768
bsp                   110             8
os_core             1 248  1 167           258
os_cpu_a              308
  + common             22
os_cpu_c              160      2
os_flag                90
os_task               330
os_time               316
N/A (command line)            80
----------          -----  -----      -    ---
Total:              3 064  2 017      8    258
  + common             22


                ****************************************
                *                                      *
                *      SEGMENTS IN ADDRESS ORDER       *
                *                                      *
                ****************************************


SEGMENT              SPACE    START ADDRESS   END ADDRESS     SIZE  TYPE  ALIGN
=======              =====    =============   ===========     ====  ====  =====
DATA16_AN                              0000 - 0000               1   rel    0
                                       0002 - 0002               1 
                                       0035 - 0036               2 
                                       0057 - 0058               2 
                                       0120 - 0121               2 
DATA16_I                                  0200                       dse    0
DATA16_Z                               0200 - 0990             791   rel    1
CSTACK                                 09B0 - 09FF              50   rel    1
DATA16_C                               1100 - 1201             102   rel    0
CSTART                                 1202 - 1219              18   rel    1
ISR_CODE                               121A - 1283              6A   rel    1
<CODE> 1                               1284 - 1DF7             B74   rel    1
INTVEC                                 FFE0 - FFF5              16   com    1
RESET                                  FFFE - FFFF               2   rel    1

                ****************************************
                *                                      *
                *        END OF CROSS REFERENCE        *
                *                                      *
                ****************************************

 3 086 bytes of CODE  memory
 2 017 bytes of DATA  memory (+ 8 absolute )
   258 bytes of CONST memory

Errors: none
Warnings: none

